// Jest Snapshot v1, https://goo.gl/fbAQLP

exports[`should render ExpenseList with empty message 1`] = `
"<div>
  <p>
    No Expenses
  </p>
</div>"
`;

exports[`should render ExpenseList with expenses 1`] = `
"<div>
  <ExpenseListItem id=\\"1\\" description=\\"Gum\\" note=\\"\\" amount={200} createdAt={0} />
  <ExpenseListItem id=\\"2\\" description=\\"Rent\\" note=\\"\\" amount={109500} createdAt={-345600000} />
  <ExpenseListItem id=\\"3\\" description=\\"Credit Card\\" note=\\"\\" amount={195} createdAt={345600000} />
</div>"
`;
